// Jest Snapshot v1, https://goo.gl/fbAQLP

exports[`buildFilterClause - fully type-safe combinatorial tests handles all fields combined 1`] = `" && (lower(title) match "  pizza  *" && lower(cuisine) == "italian" && lower(source.http) == "example.com" && lower(source.book) == "cookbook" && lower(source.title) == "sourcetitle" && lower(source.author) == "authorname" && lower(source.where) == "library" && kizia == true && count((tags[])[@ in ["vegan","quick"]]) > 0 && count((dietary[])[@ in ["gluten-free"]]) > 0 && count((products[])[@ in ["tomato","cheese"]]) > 0)"`;

exports[`buildFilterClause - fully type-safe combinatorial tests handles array combination: dietary 1`] = `" && (count((dietary[])[@ in ["gluten-free"]]) > 0)"`;

exports[`buildFilterClause - fully type-safe combinatorial tests handles array combination: dietary, products 1`] = `" && (count((dietary[])[@ in ["gluten-free"]]) > 0 && count((products[])[@ in ["tomato","cheese"]]) > 0)"`;

exports[`buildFilterClause - fully type-safe combinatorial tests handles array combination: products 1`] = `" && (count((products[])[@ in ["tomato","cheese"]]) > 0)"`;

exports[`buildFilterClause - fully type-safe combinatorial tests handles array combination: tags 1`] = `" && (count((tags[])[@ in ["vegan","quick"]]) > 0)"`;

exports[`buildFilterClause - fully type-safe combinatorial tests handles array combination: tags, dietary 1`] = `" && (count((tags[])[@ in ["vegan","quick"]]) > 0 && count((dietary[])[@ in ["gluten-free"]]) > 0)"`;

exports[`buildFilterClause - fully type-safe combinatorial tests handles array combination: tags, products 1`] = `" && (count((tags[])[@ in ["vegan","quick"]]) > 0 && count((products[])[@ in ["tomato","cheese"]]) > 0)"`;

exports[`buildFilterClause - fully type-safe combinatorial tests handles combination: cuisine + kizia + dietary 1`] = `" && (lower(cuisine) == "italian" && kizia == true && count((dietary[])[@ in ["gluten-free"]]) > 0)"`;

exports[`buildFilterClause - fully type-safe combinatorial tests handles combination: cuisine + kizia + products 1`] = `" && (lower(cuisine) == "italian" && kizia == true && count((products[])[@ in ["tomato","cheese"]]) > 0)"`;

exports[`buildFilterClause - fully type-safe combinatorial tests handles combination: cuisine + kizia + tags 1`] = `" && (lower(cuisine) == "italian" && kizia == true && count((tags[])[@ in ["vegan","quick"]]) > 0)"`;

exports[`buildFilterClause - fully type-safe combinatorial tests handles combination: source.author + kizia + dietary 1`] = `" && (lower(source.author) == "authorname" && kizia == true && count((dietary[])[@ in ["gluten-free"]]) > 0)"`;

exports[`buildFilterClause - fully type-safe combinatorial tests handles combination: source.author + kizia + products 1`] = `" && (lower(source.author) == "authorname" && kizia == true && count((products[])[@ in ["tomato","cheese"]]) > 0)"`;

exports[`buildFilterClause - fully type-safe combinatorial tests handles combination: source.author + kizia + tags 1`] = `" && (lower(source.author) == "authorname" && kizia == true && count((tags[])[@ in ["vegan","quick"]]) > 0)"`;

exports[`buildFilterClause - fully type-safe combinatorial tests handles combination: source.book + kizia + dietary 1`] = `" && (lower(source.book) == "cookbook" && kizia == true && count((dietary[])[@ in ["gluten-free"]]) > 0)"`;

exports[`buildFilterClause - fully type-safe combinatorial tests handles combination: source.book + kizia + products 1`] = `" && (lower(source.book) == "cookbook" && kizia == true && count((products[])[@ in ["tomato","cheese"]]) > 0)"`;

exports[`buildFilterClause - fully type-safe combinatorial tests handles combination: source.book + kizia + tags 1`] = `" && (lower(source.book) == "cookbook" && kizia == true && count((tags[])[@ in ["vegan","quick"]]) > 0)"`;

exports[`buildFilterClause - fully type-safe combinatorial tests handles combination: source.http + kizia + dietary 1`] = `" && (lower(source.http) == "example.com" && kizia == true && count((dietary[])[@ in ["gluten-free"]]) > 0)"`;

exports[`buildFilterClause - fully type-safe combinatorial tests handles combination: source.http + kizia + products 1`] = `" && (lower(source.http) == "example.com" && kizia == true && count((products[])[@ in ["tomato","cheese"]]) > 0)"`;

exports[`buildFilterClause - fully type-safe combinatorial tests handles combination: source.http + kizia + tags 1`] = `" && (lower(source.http) == "example.com" && kizia == true && count((tags[])[@ in ["vegan","quick"]]) > 0)"`;

exports[`buildFilterClause - fully type-safe combinatorial tests handles combination: source.title + kizia + dietary 1`] = `" && (lower(source.title) == "sourcetitle" && kizia == true && count((dietary[])[@ in ["gluten-free"]]) > 0)"`;

exports[`buildFilterClause - fully type-safe combinatorial tests handles combination: source.title + kizia + products 1`] = `" && (lower(source.title) == "sourcetitle" && kizia == true && count((products[])[@ in ["tomato","cheese"]]) > 0)"`;

exports[`buildFilterClause - fully type-safe combinatorial tests handles combination: source.title + kizia + tags 1`] = `" && (lower(source.title) == "sourcetitle" && kizia == true && count((tags[])[@ in ["vegan","quick"]]) > 0)"`;

exports[`buildFilterClause - fully type-safe combinatorial tests handles combination: source.where + kizia + dietary 1`] = `" && (lower(source.where) == "library" && kizia == true && count((dietary[])[@ in ["gluten-free"]]) > 0)"`;

exports[`buildFilterClause - fully type-safe combinatorial tests handles combination: source.where + kizia + products 1`] = `" && (lower(source.where) == "library" && kizia == true && count((products[])[@ in ["tomato","cheese"]]) > 0)"`;

exports[`buildFilterClause - fully type-safe combinatorial tests handles combination: source.where + kizia + tags 1`] = `" && (lower(source.where) == "library" && kizia == true && count((tags[])[@ in ["vegan","quick"]]) > 0)"`;

exports[`buildFilterClause - fully type-safe combinatorial tests handles combination: title + kizia + dietary 1`] = `" && (lower(title) match "  pizza  *" && kizia == true && count((dietary[])[@ in ["gluten-free"]]) > 0)"`;

exports[`buildFilterClause - fully type-safe combinatorial tests handles combination: title + kizia + products 1`] = `" && (lower(title) match "  pizza  *" && kizia == true && count((products[])[@ in ["tomato","cheese"]]) > 0)"`;

exports[`buildFilterClause - fully type-safe combinatorial tests handles combination: title + kizia + tags 1`] = `" && (lower(title) match "  pizza  *" && kizia == true && count((tags[])[@ in ["vegan","quick"]]) > 0)"`;

exports[`buildFilterClause - fully type-safe combinatorial tests handles single field: kizia 1`] = `" && (kizia == true)"`;

exports[`buildFilterClause - fully type-safe combinatorial tests handles single field: cuisine 1`] = `" && (lower(cuisine) == "italian")"`;

exports[`buildFilterClause - fully type-safe combinatorial tests handles single field: dietary 1`] = `" && (count((dietary[])[@ in ["gluten-free"]]) > 0)"`;

exports[`buildFilterClause - fully type-safe combinatorial tests handles single field: products 1`] = `" && (count((products[])[@ in ["tomato","cheese"]]) > 0)"`;

exports[`buildFilterClause - fully type-safe combinatorial tests handles single field: source.author 1`] = `" && (lower(source.author) == "authorname")"`;

exports[`buildFilterClause - fully type-safe combinatorial tests handles single field: source.book 1`] = `" && (lower(source.book) == "cookbook")"`;

exports[`buildFilterClause - fully type-safe combinatorial tests handles single field: source.http 1`] = `" && (lower(source.http) == "example.com")"`;

exports[`buildFilterClause - fully type-safe combinatorial tests handles single field: source.title 1`] = `" && (lower(source.title) == "sourcetitle")"`;

exports[`buildFilterClause - fully type-safe combinatorial tests handles single field: source.where 1`] = `" && (lower(source.where) == "library")"`;

exports[`buildFilterClause - fully type-safe combinatorial tests handles single field: tags 1`] = `" && (count((tags[])[@ in ["vegan","quick"]]) > 0)"`;

exports[`buildFilterClause - fully type-safe combinatorial tests handles single field: title 1`] = `" && (lower(title) match "  pizza  *")"`;

exports[`buildFilterClause - fully type-safe combinatorial tests handles string combination: cuisine 1`] = `" && (lower(cuisine) == "italian")"`;

exports[`buildFilterClause - fully type-safe combinatorial tests handles string combination: cuisine, source.author 1`] = `" && (lower(cuisine) == "italian" && lower(source.author) == "authorname")"`;

exports[`buildFilterClause - fully type-safe combinatorial tests handles string combination: cuisine, source.book 1`] = `" && (lower(cuisine) == "italian" && lower(source.book) == "cookbook")"`;

exports[`buildFilterClause - fully type-safe combinatorial tests handles string combination: cuisine, source.http 1`] = `" && (lower(cuisine) == "italian" && lower(source.http) == "example.com")"`;

exports[`buildFilterClause - fully type-safe combinatorial tests handles string combination: cuisine, source.title 1`] = `" && (lower(cuisine) == "italian" && lower(source.title) == "sourcetitle")"`;

exports[`buildFilterClause - fully type-safe combinatorial tests handles string combination: cuisine, source.where 1`] = `" && (lower(cuisine) == "italian" && lower(source.where) == "library")"`;

exports[`buildFilterClause - fully type-safe combinatorial tests handles string combination: source.author 1`] = `" && (lower(source.author) == "authorname")"`;

exports[`buildFilterClause - fully type-safe combinatorial tests handles string combination: source.author, source.where 1`] = `" && (lower(source.author) == "authorname" && lower(source.where) == "library")"`;

exports[`buildFilterClause - fully type-safe combinatorial tests handles string combination: source.book 1`] = `" && (lower(source.book) == "cookbook")"`;

exports[`buildFilterClause - fully type-safe combinatorial tests handles string combination: source.book, source.author 1`] = `" && (lower(source.book) == "cookbook" && lower(source.author) == "authorname")"`;

exports[`buildFilterClause - fully type-safe combinatorial tests handles string combination: source.book, source.title 1`] = `" && (lower(source.book) == "cookbook" && lower(source.title) == "sourcetitle")"`;

exports[`buildFilterClause - fully type-safe combinatorial tests handles string combination: source.book, source.where 1`] = `" && (lower(source.book) == "cookbook" && lower(source.where) == "library")"`;

exports[`buildFilterClause - fully type-safe combinatorial tests handles string combination: source.http 1`] = `" && (lower(source.http) == "example.com")"`;

exports[`buildFilterClause - fully type-safe combinatorial tests handles string combination: source.http, source.author 1`] = `" && (lower(source.http) == "example.com" && lower(source.author) == "authorname")"`;

exports[`buildFilterClause - fully type-safe combinatorial tests handles string combination: source.http, source.book 1`] = `" && (lower(source.http) == "example.com" && lower(source.book) == "cookbook")"`;

exports[`buildFilterClause - fully type-safe combinatorial tests handles string combination: source.http, source.title 1`] = `" && (lower(source.http) == "example.com" && lower(source.title) == "sourcetitle")"`;

exports[`buildFilterClause - fully type-safe combinatorial tests handles string combination: source.http, source.where 1`] = `" && (lower(source.http) == "example.com" && lower(source.where) == "library")"`;

exports[`buildFilterClause - fully type-safe combinatorial tests handles string combination: source.title 1`] = `" && (lower(source.title) == "sourcetitle")"`;

exports[`buildFilterClause - fully type-safe combinatorial tests handles string combination: source.title, source.author 1`] = `" && (lower(source.title) == "sourcetitle" && lower(source.author) == "authorname")"`;

exports[`buildFilterClause - fully type-safe combinatorial tests handles string combination: source.title, source.where 1`] = `" && (lower(source.title) == "sourcetitle" && lower(source.where) == "library")"`;

exports[`buildFilterClause - fully type-safe combinatorial tests handles string combination: source.where 1`] = `" && (lower(source.where) == "library")"`;

exports[`buildFilterClause - fully type-safe combinatorial tests handles string combination: title 1`] = `" && (lower(title) match "  pizza  *")"`;

exports[`buildFilterClause - fully type-safe combinatorial tests handles string combination: title, cuisine 1`] = `" && (lower(title) match "  pizza  *" && lower(cuisine) == "italian")"`;

exports[`buildFilterClause - fully type-safe combinatorial tests handles string combination: title, source.author 1`] = `" && (lower(title) match "  pizza  *" && lower(source.author) == "authorname")"`;

exports[`buildFilterClause - fully type-safe combinatorial tests handles string combination: title, source.book 1`] = `" && (lower(title) match "  pizza  *" && lower(source.book) == "cookbook")"`;

exports[`buildFilterClause - fully type-safe combinatorial tests handles string combination: title, source.http 1`] = `" && (lower(title) match "  pizza  *" && lower(source.http) == "example.com")"`;

exports[`buildFilterClause - fully type-safe combinatorial tests handles string combination: title, source.title 1`] = `" && (lower(title) match "  pizza  *" && lower(source.title) == "sourcetitle")"`;

exports[`buildFilterClause - fully type-safe combinatorial tests handles string combination: title, source.where 1`] = `" && (lower(title) match "  pizza  *" && lower(source.where) == "library")"`;
